Archive member included because of file (symbol)

c:/program files (x86)/atmel/atmel toolchain/avr8 gcc/native/3.4.1056/avr8-gnu-toolchain/bin/../lib/gcc/avr/4.8.1/avrxmega6\libgcc.a(_udivmodhi4.o)
                              src/ASF/xmega/drivers/usb/usb_device.o (__udivmodhi4)
c:/program files (x86)/atmel/atmel toolchain/avr8 gcc/native/3.4.1056/avr8-gnu-toolchain/bin/../lib/gcc/avr/4.8.1/avrxmega6\libgcc.a(_exit.o)
                              c:/program files (x86)/atmel/atmel toolchain/avr8 gcc/native/3.4.1056/avr8-gnu-toolchain/bin/../lib/gcc/avr/4.8.1/../../../../avr/lib/avrxmega6/crtx128a3u.o (exit)
c:/program files (x86)/atmel/atmel toolchain/avr8 gcc/native/3.4.1056/avr8-gnu-toolchain/bin/../lib/gcc/avr/4.8.1/avrxmega6\libgcc.a(_tablejump.o)
                              src/ASF/xmega/drivers/usb/usb_device.o (__tablejump2__)
c:/program files (x86)/atmel/atmel toolchain/avr8 gcc/native/3.4.1056/avr8-gnu-toolchain/bin/../lib/gcc/avr/4.8.1/avrxmega6\libgcc.a(_copy_data.o)
                              src/ASF/common/services/usb/class/hid/device/generic/example/atxmega32a4u_stk600-rc044x/ui.o (__do_copy_data)
c:/program files (x86)/atmel/atmel toolchain/avr8 gcc/native/3.4.1056/avr8-gnu-toolchain/bin/../lib/gcc/avr/4.8.1/avrxmega6\libgcc.a(_clear_bss.o)
                              src/ASF/common/services/usb/class/hid/device/generic/example/atxmega32a4u_stk600-rc044x/ui.o (__do_clear_bss)
c:/program files (x86)/atmel/atmel toolchain/avr8 gcc/native/3.4.1056/avr8-gnu-toolchain/bin/../lib/gcc/avr/4.8.1/../../../../avr/lib/avrxmega6\libc.a(memcpy.o)
                              src/ASF/xmega/drivers/nvm/nvm.o (memcpy)
c:/program files (x86)/atmel/atmel toolchain/avr8 gcc/native/3.4.1056/avr8-gnu-toolchain/bin/../lib/gcc/avr/4.8.1/../../../../avr/lib/avrxmega6\libc.a(memset.o)
                              src/ASF/common/services/usb/class/hid/device/generic/udi_hid_generic.o (memset)
c:/program files (x86)/atmel/atmel toolchain/avr8 gcc/native/3.4.1056/avr8-gnu-toolchain/bin/../lib/gcc/avr/4.8.1/../../../../avr/lib/avrxmega6\libc.a(strcmp.o)
                              src/ASF/common/services/usb/class/hid/device/generic/example/atxmega32a4u_stk600-rc044x/ui.o (strcmp)
c:/program files (x86)/atmel/atmel toolchain/avr8 gcc/native/3.4.1056/avr8-gnu-toolchain/bin/../lib/gcc/avr/4.8.1/../../../../avr/lib/avrxmega6\libc.a(strcpy.o)
                              src/ASF/common/services/usb/class/hid/device/generic/example/atxmega32a4u_stk600-rc044x/ui.o (strcpy)

Allocating common symbols
Common symbol       size              file

sndng_data          0x200             src/ASF/common/services/usb/class/hid/device/generic/example/atxmega32a4u_stk600-rc044x/ui.o
recvd_data          0x200             src/ASF/common/services/usb/class/hid/device/generic/example/atxmega32a4u_stk600-rc044x/ui.o
hid_report          0x200             src/ASF/common/services/usb/class/hid/device/generic/example/atxmega32a4u_stk600-rc044x/ui.o
udd_g_ctrlreq       0x10              src/ASF/xmega/drivers/usb/usb_device.o
sleepmgr_locks      0x6               src/ASF/common/services/sleepmgr/xmega/sleepmgr.o
prv_report          0x200             src/ASF/common/services/usb/class/hid/device/generic/example/atxmega32a4u_stk600-rc044x/ui.o

Discarded input sections

 .bss           0x00000000        0x0 c:/program files (x86)/atmel/atmel toolchain/avr8 gcc/native/3.4.1056/avr8-gnu-toolchain/bin/../lib/gcc/avr/4.8.1/../../../../avr/lib/avrxmega6/crtx128a3u.o
 .group         0x00000000        0x8 src/ASF/common/services/usb/class/hid/device/generic/example/atxmega32a4u_stk600-rc044x/ui.o
 .group         0x00000000        0x8 src/ASF/common/services/usb/class/hid/device/generic/example/atxmega32a4u_stk600-rc044x/ui.o
 .group         0x00000000        0x8 src/ASF/common/services/usb/class/hid/device/generic/example/atxmega32a4u_stk600-rc044x/ui.o
 .group         0x00000000        0x8 src/ASF/common/services/usb/class/hid/device/generic/example/atxmega32a4u_stk600-rc044x/ui.o
 .group         0x00000000        0x8 src/ASF/common/services/usb/class/hid/device/generic/example/atxmega32a4u_stk600-rc044x/ui.o
 .group         0x00000000        0x8 src/ASF/common/services/usb/class/hid/device/generic/example/atxmega32a4u_stk600-rc044x/ui.o
 .group         0x00000000        0x8 src/ASF/common/services/usb/class/hid/device/generic/example/atxmega32a4u_stk600-rc044x/ui.o
 .group         0x00000000        0x8 src/ASF/common/services/usb/class/hid/device/generic/example/atxmega32a4u_stk600-rc044x/ui.o
 .group         0x00000000        0x8 src/ASF/common/services/usb/class/hid/device/generic/example/atxmega32a4u_stk600-rc044x/ui.o
 .group         0x00000000        0x8 src/ASF/common/services/usb/class/hid/device/generic/example/atxmega32a4u_stk600-rc044x/ui.o
 .group         0x00000000        0x8 src/ASF/common/services/usb/class/hid/device/generic/example/atxmega32a4u_stk600-rc044x/ui.o
[...]
Memory Configuration

Name             Origin             Length             Attributes
text             0x00000000         0x00100000         xr
data             0x00802000         0x0000ffa0         rw !x
eeprom           0x00810000         0x00010000         rw !x
fuse             0x00820000         0x00000400         rw !x
lock             0x00830000         0x00000400         rw !x
signature        0x00840000         0x00000400         rw !x
user_signatures  0x00850000         0x00000400         rw !x
*default*        0x00000000         0xffffffff

Linker script and memory map

LOAD c:/program files (x86)/atmel/atmel toolchain/avr8 gcc/native/3.4.1056/avr8-gnu-toolchain/bin/../lib/gcc/avr/4.8.1/../../../../avr/lib/avrxmega6/crtx128a3u.o
LOAD src/ASF/common/services/usb/class/hid/device/generic/example/atxmega32a4u_stk600-rc044x/ui.o
LOAD src/ASF/common/services/clock/xmega/sysclk.o
LOAD src/ASF/common/services/ioport/xmega/ioport_compat.o
LOAD src/ASF/common/services/sleepmgr/xmega/sleepmgr.o
LOAD src/ASF/common/services/usb/class/hid/device/generic/udi_hid_generic.o
LOAD src/ASF/common/services/usb/class/hid/device/generic/udi_hid_generic_desc.o
LOAD src/ASF/common/services/usb/class/hid/device/udi_hid.o
LOAD src/ASF/common/services/usb/udc/udc.o
LOAD src/ASF/xmega/boards/stk600/rc044x/init.o
LOAD src/ASF/xmega/drivers/cpu/ccp.o
LOAD src/ASF/xmega/drivers/nvm/nvm.o
LOAD src/ASF/xmega/drivers/nvm/nvm_asm.o
LOAD src/ASF/xmega/drivers/usb/usb_device.o
LOAD src/main.o
START GROUP
LOAD c:/program files (x86)/atmel/atmel toolchain/avr8 gcc/native/3.4.1056/avr8-gnu-toolchain/bin/../lib/gcc/avr/4.8.1/../../../../avr/lib/avrxmega6\libm.a
END GROUP
Address of section .BOOT set to 0x8000
START GROUP
LOAD c:/program files (x86)/atmel/atmel toolchain/avr8 gcc/native/3.4.1056/avr8-gnu-toolchain/bin/../lib/gcc/avr/4.8.1/avrxmega6\libgcc.a
LOAD c:/program files (x86)/atmel/atmel toolchain/avr8 gcc/native/3.4.1056/avr8-gnu-toolchain/bin/../lib/gcc/avr/4.8.1/../../../../avr/lib/avrxmega6\libm.a
LOAD c:/program files (x86)/atmel/atmel toolchain/avr8 gcc/native/3.4.1056/avr8-gnu-toolchain/bin/../lib/gcc/avr/4.8.1/../../../../avr/lib/avrxmega6\libc.a
END GROUP

.hash
 *(.hash)

.dynsym
 *(.dynsym)

.dynstr
 *(.dynstr)

.gnu.version
 *(.gnu.version)

.gnu.version_d
 *(.gnu.version_d)

.gnu.version_r
 *(.gnu.version_r)

.rel.init
 *(.rel.init)

.rela.init
 *(.rela.init)

.rel.text
 *(.rel.text)
 *(.rel.text.*)
 *(.rel.gnu.linkonce.t*)

.rela.text
 *(.rela.text)
 *(.rela.text.*)
 *(.rela.gnu.linkonce.t*)

.rel.fini
 *(.rel.fini)

.rela.fini
 *(.rela.fini)

.rel.rodata
 *(.rel.rodata)
 *(.rel.rodata.*)
 *(.rel.gnu.linkonce.r*)

.rela.rodata
 *(.rela.rodata)
 *(.rela.rodata.*)
 *(.rela.gnu.linkonce.r*)

.rel.data
 *(.rel.data)
 *(.rel.data.*)
 *(.rel.gnu.linkonce.d*)

.rela.data
 *(.rela.data)
 *(.rela.data.*)
 *(.rela.gnu.linkonce.d*)

.rel.ctors
 *(.rel.ctors)

.rela.ctors
 *(.rela.ctors)

.rel.dtors
 *(.rel.dtors)

.rela.dtors
 *(.rela.dtors)

.rel.got
 *(.rel.got)

.rela.got
 *(.rela.got)

.rel.bss
 *(.rel.bss)

.rela.bss
 *(.rela.bss)

.rel.plt
 *(.rel.plt)

.rela.plt
 *(.rela.plt)

.text           0x00000000     0x23a4
 *(.vectors)
 .vectors       0x00000000      0x1fc c:/program files (x86)/atmel/atmel toolchain/avr8 gcc/native/3.4.1056/avr8-gnu-toolchain/bin/../lib/gcc/avr/4.8.1/../../../../avr/lib/avrxmega6/crtx128a3u.o
                0x00000000                __vector_default
                0x00000000                __vectors
 *(.vectors)
 *(.progmem.gcc*)
 .progmem.gcc_sw_table.udd_ep_trans_complet
                0x000001fc        0xe src/ASF/xmega/drivers/usb/usb_device.o
                0x0000020a                . = ALIGN (0x2)
                0x0000020a                __trampolines_start = .
 *(.trampolines)
 .trampolines   0x0000020a        0x0 linker stubs
 *(.trampolines*)
                0x0000020a                __trampolines_end = .
 *(.progmem*)
                0x0000020a                . = ALIGN (0x2)
 *(.jumptables)
 *(.jumptables*)
 *(.lowtext)
 *(.lowtext*)
                0x0000020a                __ctors_start = .
 *(.ctors)
                0x0000020a                __ctors_end = .
                0x0000020a                __dtors_start = .
 *(.dtors)
                0x0000020a                __dtors_end = .
 SORT(*)(.ctors)
 SORT(*)(.dtors)
 *(.init0)
 .init0         0x0000020a        0x0 c:/program files (x86)/atmel/atmel toolchain/avr8 gcc/native/3.4.1056/avr8-gnu-toolchain/bin/../lib/gcc/avr/4.8.1/../../../../avr/lib/avrxmega6/crtx128a3u.o
                0x0000020a                __init
 *(.init0)
 *(.init1)
 *(.init1)
 *(.init2)
 .init2         0x0000020a       0x10 c:/program files (x86)/atmel/atmel toolchain/avr8 gcc/native/3.4.1056/avr8-gnu-toolchain/bin/../lib/gcc/avr/4.8.1/../../../../avr/lib/avrxmega6/crtx128a3u.o
 *(.init2)
 *(.init3)
 *(.init3)
 *(.init4)
 .init4         0x0000021a       0x1a c:/program files (x86)/atmel/atmel toolchain/avr8 gcc/native/3.4.1056/avr8-gnu-toolchain/bin/../lib/gcc/avr/4.8.1/avrxmega6\libgcc.a(_copy_data.o)
                0x0000021a                __do_copy_data
 .init4         0x00000234       0x10 c:/program files (x86)/atmel/atmel toolchain/avr8 gcc/native/3.4.1056/avr8-gnu-toolchain/bin/../lib/gcc/avr/4.8.1/avrxmega6\libgcc.a(_clear_bss.o)
                0x00000234                __do_clear_bss
 *(.init4)
 *(.init5)
 *(.init5)
 *(.init6)
 *(.init6)
 *(.init7)
 *(.init7)
 *(.init8)
 *(.init8)
 *(.init9)
 .init9         0x00000244        0x8 c:/program files (x86)/atmel/atmel toolchain/avr8 gcc/native/3.4.1056/avr8-gnu-toolchain/bin/../lib/gcc/avr/4.8.1/../../../../avr/lib/avrxmega6/crtx128a3u.o
 *(.init9)
 *(.text)
 .text          0x0000024c        0x2 c:/program files (x86)/atmel/atmel toolchain/avr8 gcc/native/3.4.1056/avr8-gnu-toolchain/bin/../lib/gcc/avr/4.8.1/../../../../avr/lib/avrxmega6/crtx128a3u.o
                0x0000024c                __vector_38
                0x0000024c                __vector_104
                0x0000024c                __vector_22
                0x0000024c                __vector_63
                0x0000024c                __vector_28
                0x0000024c                __vector_67
                0x0000024c                __vector_1
                0x0000024c                __vector_119
                0x0000024c                __vector_32
                0x0000024c                __vector_75
                0x0000024c                __vector_71
                0x0000024c                __vector_91
                0x0000024c                __vector_62
                0x0000024c                __vector_77
                0x0000024c                __vector_102
                0x0000024c                __vector_24
                0x0000024c                __vector_12
                0x0000024c                __vector_55
                0x0000024c                __vector_69
                0x0000024c                __vector_81
                0x0000024c                __vector_90
                0x0000024c                __vector_46
                0x0000024c                __bad_interrupt
                0x0000024c                __vector_122
                0x0000024c                __vector_72
                0x0000024c                __vector_114
                0x0000024c                __vector_6
                0x0000024c                __vector_110
                0x0000024c                __vector_31
                0x0000024c                __vector_92
                0x0000024c                __vector_35
                0x0000024c                __vector_78
                0x0000024c                __vector_74
                0x0000024c                __vector_117
                0x0000024c                __vector_39
                0x0000024c                __vector_107
                0x0000024c                __vector_3
                0x0000024c                __vector_105
                0x0000024c                __vector_98
                0x0000024c                __vector_23
                0x0000024c                __vector_68
                0x0000024c                __vector_30
                0x0000024c                __vector_73
                0x0000024c                __vector_45
                0x0000024c                __vector_25
                0x0000024c                __vector_93
                0x0000024c                __vector_61
                0x0000024c                __vector_11
                0x0000024c                __vector_54
                0x0000024c                __vector_99
                0x0000024c                __vector_13
                0x0000024c                __vector_17
                0x0000024c                __vector_19
                0x0000024c                __vector_56
                0x0000024c                __vector_7
                0x0000024c                __vector_49
                0x0000024c                __vector_123
                0x0000024c                __vector_41
                0x0000024c                __vector_86
                0x0000024c                __vector_100
                0x0000024c                __vector_101
                0x0000024c                __vector_64
                0x0000024c                __vector_88
                0x0000024c                __vector_109
                0x0000024c                __vector_43
                0x0000024c                __vector_27
                0x0000024c                __vector_5
                0x0000024c                __vector_113
                0x0000024c                __vector_33
                0x0000024c                __vector_76
                0x0000024c                __vector_115
                0x0000024c                __vector_47
                0x0000024c                __vector_52
                0x0000024c                __vector_37
                0x0000024c                __vector_95
                0x0000024c                __vector_103
                0x0000024c                __vector_96
                0x0000024c                __vector_89
                0x0000024c                __vector_108
                0x0000024c                __vector_4
                0x0000024c                __vector_44
                0x0000024c                __vector_82
                0x0000024c                __vector_106
                0x0000024c                __vector_118
                0x0000024c                __vector_51
                0x0000024c                __vector_9
                0x0000024c                __vector_2
                0x0000024c                __vector_21
                0x0000024c                __vector_15
                0x0000024c                __vector_66
                0x0000024c                __vector_36
                0x0000024c                __vector_79
                0x0000024c                __vector_58
                0x0000024c                __vector_70
                0x0000024c                __vector_83
                0x0000024c                __vector_29
                0x0000024c                __vector_60
                0x0000024c                __vector_121
                0x0000024c                __vector_40
                0x0000024c                __vector_85
                0x0000024c                __vector_94
                0x0000024c                __vector_8
                0x0000024c                __vector_26
                0x0000024c                __vector_48
                0x0000024c                __vector_124
                0x0000024c                __vector_116
                0x0000024c                __vector_112
                0x0000024c                __vector_111
                0x0000024c                __vector_80
                0x0000024c                __vector_14
                0x0000024c                __vector_84
                0x0000024c                __vector_57
                0x0000024c                __vector_53
                0x0000024c                __vector_10
                0x0000024c                __vector_50
                0x0000024c                __vector_16
                0x0000024c                __vector_59
                0x0000024c                __vector_18
                0x0000024c                __vector_97
                0x0000024c                __vector_20
                0x0000024c                __vector_42
                0x0000024c                __vector_87
                0x0000024c                __vector_65
                0x0000024c                __vector_120
                0x0000024e                . = ALIGN (0x2)
 *(.text.*)
 .text.ui_init  0x0000024e       0x70 src/ASF/common/services/usb/class/hid/device/generic/example/atxmega32a4u_stk600-rc044x/ui.o
                0x0000024e                ui_init
 .text.ui_powerdown
                0x000002be        0x2 src/ASF/common/services/usb/class/hid/device/generic/example/atxmega32a4u_stk600-rc044x/ui.o
                0x000002be                ui_powerdown
 .text.ui_wakeup_enable
                0x000002c0       0x3e src/ASF/common/services/usb/class/hid/device/generic/example/atxmega32a4u_stk600-rc044x/ui.o
                0x000002c0                ui_wakeup_enable
 .text.ui_wakeup_disable
                0x000002fe        0x8 src/ASF/common/services/usb/class/hid/device/generic/example/atxmega32a4u_stk600-rc044x/ui.o
                0x000002fe                ui_wakeup_disable
 .text.__vector_34
                0x00000306       0x58 src/ASF/common/services/usb/class/hid/device/generic/example/atxmega32a4u_stk600-rc044x/ui.o
                0x00000306                __vector_34
 .text.ui_wakeup
                0x0000035e        0x2 src/ASF/common/services/usb/class/hid/device/generic/example/atxmega32a4u_stk600-rc044x/ui.o
                0x0000035e                ui_wakeup
 .text.ui_process
                0x00000360       0x2a src/ASF/common/services/usb/class/hid/device/generic/example/atxmega32a4u_stk600-rc044x/ui.o
                0x00000360                ui_process
 .text.delay    0x0000038a       0x2a src/ASF/common/services/usb/class/hid/device/generic/example/atxmega32a4u_stk600-rc044x/ui.o
                0x0000038a                delay
 .text.ui_led_change
                0x000003b4      0x418 src/ASF/common/services/usb/class/hid/device/generic/example/atxmega32a4u_stk600-rc044x/ui.o
                0x000003b4                ui_led_change
 .text.sysclk_init
                0x000007cc       0xd8 src/ASF/common/services/clock/xmega/sysclk.o
                0x000007cc                sysclk_init
 .text.sysclk_enable_module
                0x000008a4       0x18 src/ASF/common/services/clock/xmega/sysclk.o
                0x000008a4                sysclk_enable_module
 .text.sysclk_disable_module
                0x000008bc       0x16 src/ASF/common/services/clock/xmega/sysclk.o
                0x000008bc                sysclk_disable_module
 .text.sysclk_enable_usb
                0x000008d2       0x6c src/ASF/common/services/clock/xmega/sysclk.o
                0x000008d2                sysclk_enable_usb
 .text.sysclk_disable_usb
                0x0000093e       0x10 src/ASF/common/services/clock/xmega/sysclk.o
                0x0000093e                sysclk_disable_usb
 .text.ioport_configure_port_pin
                0x0000094e       0x50 src/ASF/common/services/ioport/xmega/ioport_compat.o
                0x0000094e                ioport_configure_port_pin
 .text.udi_hid_generic_getsetting
                0x0000099e        0x4 src/ASF/common/services/usb/class/hid/device/generic/udi_hid_generic.o
                0x0000099e                udi_hid_generic_getsetting
 .text.udi_hid_generic_setreport
                0x000009a2       0x54 src/ASF/common/services/usb/class/hid/device/generic/udi_hid_generic.o
 .text.udi_hid_generic_report_in_sent
                0x000009f6        0x8 src/ASF/common/services/usb/class/hid/device/generic/udi_hid_generic.o
 .text.udi_hid_generic_report_out_enable
                0x000009fe       0x1e src/ASF/common/services/usb/class/hid/device/generic/udi_hid_generic.o
 .text.udi_hid_generic_enable
                0x00000a1c       0x18 src/ASF/common/services/usb/class/hid/device/generic/udi_hid_generic.o
                0x00000a1c                udi_hid_generic_enable
 .text.udi_hid_generic_report_out_received
                0x00000a34       0x14 src/ASF/common/services/usb/class/hid/device/generic/udi_hid_generic.o
 .text.udi_hid_generic_disable
                0x00000a48        0x6 src/ASF/common/services/usb/class/hid/device/generic/udi_hid_generic.o
                0x00000a48                udi_hid_generic_disable
 .text.udi_hid_generic_setup
                0x00000a4e       0x14 src/ASF/common/services/usb/class/hid/device/generic/udi_hid_generic.o
                0x00000a4e                udi_hid_generic_setup
 .text.udi_hid_generic_setfeature_valid
                0x00000a62       0x16 src/ASF/common/services/usb/class/hid/device/generic/udi_hid_generic.o
 .text.udi_hid_generic_send_report_in
                0x00000a78       0x70 src/ASF/common/services/usb/class/hid/device/generic/udi_hid_generic.o
                0x00000a78                udi_hid_generic_send_report_in
 .text.udi_hid_setup
                0x00000ae8      0x12c src/ASF/common/services/usb/class/hid/device/udi_hid.o
                0x00000ae8                udi_hid_setup
 .text.udc_next_desc_in_iface
                0x00000c14       0x6a src/ASF/common/services/usb/udc/udc.o
 .text.udc_valid_address
                0x00000c7e        0xa src/ASF/common/services/usb/udc/udc.o
 .text.udc_update_iface_desc
                0x00000c88       0x74 src/ASF/common/services/usb/udc/udc.o
 .text.udc_iface_disable
                0x00000cfc       0x84 src/ASF/common/services/usb/udc/udc.o
 .text.udc_iface_enable
                0x00000d80       0x64 src/ASF/common/services/usb/udc/udc.o
 .text.udc_get_interface_desc
                0x00000de4        0xa src/ASF/common/services/usb/udc/udc.o
                0x00000de4                udc_get_interface_desc
 .text.udc_start
                0x00000dee        0x4 src/ASF/common/services/usb/udc/udc.o
                0x00000dee                udc_start
 .text.udc_reset
                0x00000df2       0x54 src/ASF/common/services/usb/udc/udc.o
                0x00000df2                udc_reset
 .text.udc_stop
                0x00000e46        0x6 src/ASF/common/services/usb/udc/udc.o
                0x00000e46                udc_stop
 .text.udc_sof_notify
                0x00000e4c       0x5e src/ASF/common/services/usb/udc/udc.o
                0x00000e4c                udc_sof_notify
 .text.udc_process_setup
                0x00000eaa      0x578 src/ASF/common/services/usb/udc/udc.o
                0x00000eaa                udc_process_setup
 .text.board_init
                0x00001422       0xce src/ASF/xmega/boards/stk600/rc044x/init.o
                0x00001422                board_init
 .text.ccp_write_io
                0x000014f0        0xc src/ASF/xmega/drivers/cpu/ccp.o
                0x000014f0                ccp_write_io
 .text.nvm_read_byte
                0x000014fc       0x14 src/ASF/xmega/drivers/nvm/nvm_asm.o
                0x000014fc                nvm_read_byte
 .text.udd_sleep_mode
                0x00001510       0x3e src/ASF/xmega/drivers/usb/usb_device.o
 .text.udd_ctrl_init
                0x0000154e       0x56 src/ASF/xmega/drivers/usb/usb_device.o
 .text.udd_ctrl_stall_data
                0x000015a4       0x1c src/ASF/xmega/drivers/usb/usb_device.o
 .text.udd_ctrl_send_zlp_in
                0x000015c0       0x1c src/ASF/xmega/drivers/usb/usb_device.o
 .text.udd_ctrl_endofrequest
                0x000015dc       0x10 src/ASF/xmega/drivers/usb/usb_device.o
 .text.udd_ctrl_in_sent
                0x000015ec       0xdc src/ASF/xmega/drivers/usb/usb_device.o
 .text.udd_ep_get_job
                0x000016c8       0x36 src/ASF/xmega/drivers/usb/usb_device.o
 .text.udd_ctrl_interrupt_tc_setup
                0x000016fe       0xde src/ASF/xmega/drivers/usb/usb_device.o
 .text.udd_ep_trans_complet
                0x000017dc      0x252 src/ASF/xmega/drivers/usb/usb_device.o
 .text.udd_disable
                0x00001a2e       0x34 src/ASF/xmega/drivers/usb/usb_device.o
                0x00001a2e                udd_disable
 .text.udd_attach
                0x00001a62       0x46 src/ASF/xmega/drivers/usb/usb_device.o
                0x00001a62                udd_attach
 .text.udd_enable
                0x00001aa8       0xe4 src/ASF/xmega/drivers/usb/usb_device.o
                0x00001aa8                udd_enable
 .text.udd_set_address
                0x00001b8c        0x6 src/ASF/xmega/drivers/usb/usb_device.o
                0x00001b8c                udd_set_address
 .text.udd_getaddress
                0x00001b92        0x6 src/ASF/xmega/drivers/usb/usb_device.o
                0x00001b92                udd_getaddress
 .text.udd_get_frame_number
                0x00001b98        0xa src/ASF/xmega/drivers/usb/usb_device.o
                0x00001b98                udd_get_frame_number
 .text.udd_send_remotewakeup
                0x00001ba2       0x1e src/ASF/xmega/drivers/usb/usb_device.o
                0x00001ba2                udd_send_remotewakeup
 .text.udd_set_setup_payload
                0x00001bc0       0x12 src/ASF/xmega/drivers/usb/usb_device.o
                0x00001bc0                udd_set_setup_payload
 .text.udd_ep_alloc
                0x00001bd2       0xc2 src/ASF/xmega/drivers/usb/usb_device.o
                0x00001bd2                udd_ep_alloc
 .text.udd_ep_is_halted
                0x00001c94       0x36 src/ASF/xmega/drivers/usb/usb_device.o
                0x00001c94                udd_ep_is_halted
 .text.udd_ep_clear_halt
                0x00001cca       0x54 src/ASF/xmega/drivers/usb/usb_device.o
                0x00001cca                udd_ep_clear_halt
 .text.udd_ep_run
                0x00001d1e       0xe4 src/ASF/xmega/drivers/usb/usb_device.o
                0x00001d1e                udd_ep_run
 .text.udd_ep_abort
                0x00001e02       0x72 src/ASF/xmega/drivers/usb/usb_device.o
                0x00001e02                udd_ep_abort
 .text.udd_ep_free
                0x00001e74       0x3a src/ASF/xmega/drivers/usb/usb_device.o
                0x00001e74                udd_ep_free
 .text.udd_ep_set_halt
                0x00001eae       0x42 src/ASF/xmega/drivers/usb/usb_device.o
                0x00001eae                udd_ep_set_halt
 .text.__vector_125
                0x00001ef0      0x17a src/ASF/xmega/drivers/usb/usb_device.o
                0x00001ef0                __vector_125
 .text.__vector_126
                0x0000206a      0x1d8 src/ASF/xmega/drivers/usb/usb_device.o
                0x0000206a                __vector_126
 .text.main     0x00002242       0x90 src/main.o
                0x00002242                main
 .text.main_suspend_action
                0x000022d2        0x6 src/main.o
                0x000022d2                main_suspend_action
 .text.main_resume_action
                0x000022d8        0x6 src/main.o
                0x000022d8                main_resume_action
 .text.main_sof_action
                0x000022de       0x10 src/main.o
                0x000022de                main_sof_action
 .text.main_remotewakeup_enable
                0x000022ee        0x6 src/main.o
                0x000022ee                main_remotewakeup_enable
 .text.main_remotewakeup_disable
                0x000022f4        0x6 src/main.o
                0x000022f4                main_remotewakeup_disable
 .text.main_generic_enable
                0x000022fa        0x8 src/main.o
                0x000022fa                main_generic_enable
 .text.main_generic_disable
                0x00002302        0x6 src/main.o
                0x00002302                main_generic_disable
 .text.main_hid_set_feature
                0x00002308       0x24 src/main.o
                0x00002308                main_hid_set_feature
 .text.libgcc.div
                0x0000232c       0x28 c:/program files (x86)/atmel/atmel toolchain/avr8 gcc/native/3.4.1056/avr8-gnu-toolchain/bin/../lib/gcc/avr/4.8.1/avrxmega6\libgcc.a(_udivmodhi4.o)
                0x0000232c                __udivmodhi4
 .text.libgcc   0x00002354        0xc c:/program files (x86)/atmel/atmel toolchain/avr8 gcc/native/3.4.1056/avr8-gnu-toolchain/bin/../lib/gcc/avr/4.8.1/avrxmega6\libgcc.a(_tablejump.o)
                0x00002354                __tablejump2__
                0x00002358                __tablejump__
 .text.avr-libc
                0x00002360       0x12 c:/program files (x86)/atmel/atmel toolchain/avr8 gcc/native/3.4.1056/avr8-gnu-toolchain/bin/../lib/gcc/avr/4.8.1/../../../../avr/lib/avrxmega6\libc.a(memcpy.o)
                0x00002360                memcpy
 .text.avr-libc
                0x00002372        0xe c:/program files (x86)/atmel/atmel toolchain/avr8 gcc/native/3.4.1056/avr8-gnu-toolchain/bin/../lib/gcc/avr/4.8.1/../../../../avr/lib/avrxmega6\libc.a(memset.o)
                0x00002372                memset
 .text.avr-libc
                0x00002380       0x12 c:/program files (x86)/atmel/atmel toolchain/avr8 gcc/native/3.4.1056/avr8-gnu-toolchain/bin/../lib/gcc/avr/4.8.1/../../../../avr/lib/avrxmega6\libc.a(strcmp.o)
                0x00002380                strcmp
 .text.avr-libc
                0x00002392        0xe c:/program files (x86)/atmel/atmel toolchain/avr8 gcc/native/3.4.1056/avr8-gnu-toolchain/bin/../lib/gcc/avr/4.8.1/../../../../avr/lib/avrxmega6\libc.a(strcpy.o)
                0x00002392                strcpy
                0x000023a0                . = ALIGN (0x2)
 *(.fini9)
 .fini9         0x000023a0        0x0 c:/program files (x86)/atmel/atmel toolchain/avr8 gcc/native/3.4.1056/avr8-gnu-toolchain/bin/../lib/gcc/avr/4.8.1/avrxmega6\libgcc.a(_exit.o)
                0x000023a0                _exit
                0x000023a0                exit
 *(.fini9)
 *(.fini8)
 *(.fini8)
 *(.fini7)
 *(.fini7)
 *(.fini6)
 *(.fini6)
 *(.fini5)
 *(.fini5)
 *(.fini4)
 *(.fini4)
 *(.fini3)
 *(.fini3)
 *(.fini2)
 *(.fini2)
 *(.fini1)
 *(.fini1)
 *(.fini0)
 .fini0         0x000023a0        0x4 c:/program files (x86)/atmel/atmel toolchain/avr8 gcc/native/3.4.1056/avr8-gnu-toolchain/bin/../lib/gcc/avr/4.8.1/avrxmega6\libgcc.a(_exit.o)
 *(.fini0)
                0x000023a4                _etext = .

.data           0x00802000       0xd0 load address 0x000023a4
                0x00802000                PROVIDE (__data_start, .)
 *(.data)
 .data          0x00802000        0x0 c:/program files (x86)/atmel/atmel toolchain/avr8 gcc/native/3.4.1056/avr8-gnu-toolchain/bin/../lib/gcc/avr/4.8.1/../../../../avr/lib/avrxmega6/crtx128a3u.o
 .data          0x00802000        0x0 src/ASF/common/services/usb/class/hid/device/generic/example/atxmega32a4u_stk600-rc044x/ui.o
 .data          0x00802000        0x0 src/ASF/common/services/clock/xmega/sysclk.o
 .data          0x00802000        0x0 src/ASF/common/services/ioport/xmega/ioport_compat.o
 .data          0x00802000        0x0 src/ASF/common/services/sleepmgr/xmega/sleepmgr.o
 .data          0x00802000        0x0 src/ASF/common/services/usb/class/hid/device/generic/udi_hid_generic.o
 .data          0x00802000        0x0 src/ASF/common/services/usb/class/hid/device/generic/udi_hid_generic_desc.o
 .data          0x00802000        0x0 src/ASF/common/services/usb/class/hid/device/udi_hid.o
 .data          0x00802000        0x0 src/ASF/common/services/usb/udc/udc.o
 .data          0x00802000        0x0 src/ASF/xmega/boards/stk600/rc044x/init.o
 .data          0x00802000        0x0 src/ASF/xmega/drivers/cpu/ccp.o
 .data          0x00802000        0x0 src/ASF/xmega/drivers/nvm/nvm.o
 .data          0x00802000        0x0 src/ASF/xmega/drivers/nvm/nvm_asm.o
 .data          0x00802000        0x0 src/ASF/xmega/drivers/usb/usb_device.o
 .data          0x00802000        0x0 src/main.o
 .data          0x00802000        0x0 c:/program files (x86)/atmel/atmel toolchain/avr8 gcc/native/3.4.1056/avr8-gnu-toolchain/bin/../lib/gcc/avr/4.8.1/avrxmega6\libgcc.a(_udivmodhi4.o)
 .data          0x00802000        0x0 c:/program files (x86)/atmel/atmel toolchain/avr8 gcc/native/3.4.1056/avr8-gnu-toolchain/bin/../lib/gcc/avr/4.8.1/avrxmega6\libgcc.a(_exit.o)
 .data          0x00802000        0x0 c:/program files (x86)/atmel/atmel toolchain/avr8 gcc/native/3.4.1056/avr8-gnu-toolchain/bin/../lib/gcc/avr/4.8.1/avrxmega6\libgcc.a(_tablejump.o)
 .data          0x00802000        0x0 c:/program files (x86)/atmel/atmel toolchain/avr8 gcc/native/3.4.1056/avr8-gnu-toolchain/bin/../lib/gcc/avr/4.8.1/avrxmega6\libgcc.a(_copy_data.o)
 .data          0x00802000        0x0 c:/program files (x86)/atmel/atmel toolchain/avr8 gcc/native/3.4.1056/avr8-gnu-toolchain/bin/../lib/gcc/avr/4.8.1/avrxmega6\libgcc.a(_clear_bss.o)
 .data          0x00802000        0x0 c:/program files (x86)/atmel/atmel toolchain/avr8 gcc/native/3.4.1056/avr8-gnu-toolchain/bin/../lib/gcc/avr/4.8.1/../../../../avr/lib/avrxmega6\libc.a(memcpy.o)
 .data          0x00802000        0x0 c:/program files (x86)/atmel/atmel toolchain/avr8 gcc/native/3.4.1056/avr8-gnu-toolchain/bin/../lib/gcc/avr/4.8.1/../../../../avr/lib/avrxmega6\libc.a(memset.o)
 .data          0x00802000        0x0 c:/program files (x86)/atmel/atmel toolchain/avr8 gcc/native/3.4.1056/avr8-gnu-toolchain/bin/../lib/gcc/avr/4.8.1/../../../../avr/lib/avrxmega6\libc.a(strcmp.o)
 .data          0x00802000        0x0 c:/program files (x86)/atmel/atmel toolchain/avr8 gcc/native/3.4.1056/avr8-gnu-toolchain/bin/../lib/gcc/avr/4.8.1/../../../../avr/lib/avrxmega6\libc.a(strcpy.o)
 *(.data*)
 .data.state    0x00802000        0x3 src/ASF/common/services/usb/class/hid/device/generic/example/atxmega32a4u_stk600-rc044x/ui.o
                0x00802000                state
 .data.sleepmgr_configs
                0x00802003        0x6 src/ASF/common/services/sleepmgr/xmega/sleepmgr.o
                0x00802003                sleepmgr_configs
 .data.udi_hid_generic_report_desc
                0x00802009       0x35 src/ASF/common/services/usb/class/hid/device/generic/udi_hid_generic.o
                0x00802009                udi_hid_generic_report_desc
 .data.udi_api_hid_generic
                0x0080203e        0xa src/ASF/common/services/usb/class/hid/device/generic/udi_hid_generic.o
                0x0080203e                udi_api_hid_generic
 .data.udc_config
                0x00802048        0x4 src/ASF/common/services/usb/class/hid/device/generic/udi_hid_generic_desc.o
                0x00802048                udc_config
 .data.udc_config_fshs
                0x0080204c        0x4 src/ASF/common/services/usb/class/hid/device/generic/udi_hid_generic_desc.o
                0x0080204c                udc_config_fshs
 .data.udi_apis
                0x00802050        0x2 src/ASF/common/services/usb/class/hid/device/generic/udi_hid_generic_desc.o
                0x00802050                udi_apis
 .data.udc_desc
                0x00802052       0x2a src/ASF/common/services/usb/class/hid/device/generic/udi_hid_generic_desc.o
                0x00802052                udc_desc
 .data.udc_device_desc
                0x0080207c       0x12 src/ASF/common/services/usb/class/hid/device/generic/udi_hid_generic_desc.o
                0x0080207c                udc_device_desc
 .data.udc_string_desc
                0x0080208e       0x18 src/ASF/common/services/usb/udc/udc.o
 .data.udc_string_product_name
                0x008020a6        0xc src/ASF/common/services/usb/udc/udc.o
 .data.udc_string_manufacturer_name
                0x008020b2        0xa src/ASF/common/services/usb/udc/udc.o
 .data.udc_string_desc_languageid
                0x008020bc        0x4 src/ASF/common/services/usb/udc/udc.o
 *(.rodata)
 *(.rodata*)
 .rodata.str1.1
                0x008020c0       0x10 src/ASF/common/services/usb/class/hid/device/generic/example/atxmega32a4u_stk600-rc044x/ui.o
 *(.gnu.linkonce.d*)
                0x008020d0                . = ALIGN (0x2)
                0x008020d0                _edata = .
                0x008020d0                PROVIDE (__data_end, .)

.bss            0x008020d0      0xb24
                0x008020d0                PROVIDE (__bss_start, .)
 *(.bss)
 *(.bss*)
 .bss.done      0x008020d0        0x2 src/ASF/common/services/usb/class/hid/device/generic/example/atxmega32a4u_stk600-rc044x/ui.o
                0x008020d0                done
 .bss.length    0x008020d2        0x2 src/ASF/common/services/usb/class/hid/device/generic/example/atxmega32a4u_stk600-rc044x/ui.o
                0x008020d2                length
 .bss.count     0x008020d4        0x2 src/ASF/common/services/usb/class/hid/device/generic/example/atxmega32a4u_stk600-rc044x/ui.o
                0x008020d4                count
 .bss.udi_hid_generic_report_feature
                0x008020d6        0x4 src/ASF/common/services/usb/class/hid/device/generic/udi_hid_generic.o
 .bss.udi_hid_generic_report_out
                0x008020da        0x2 src/ASF/common/services/usb/class/hid/device/generic/udi_hid_generic.o
 .bss.udi_hid_generic_report_in
                0x008020dc      0x200 src/ASF/common/services/usb/class/hid/device/generic/udi_hid_generic.o
 .bss.udi_hid_generic_b_report_in_free
                0x008022dc        0x1 src/ASF/common/services/usb/class/hid/device/generic/udi_hid_generic.o
 .bss.udi_hid_generic_protocol
                0x008022dd        0x1 src/ASF/common/services/usb/class/hid/device/generic/udi_hid_generic.o
 .bss.udi_hid_generic_rate
                0x008022de        0x1 src/ASF/common/services/usb/class/hid/device/generic/udi_hid_generic.o
 .bss.udc_ep_status.4524
                0x008022df        0x2 src/ASF/common/services/usb/udc/udc.o
 .bss.udc_iface_setting.4582
                0x008022e1        0x1 src/ASF/common/services/usb/udc/udc.o
 .bss.udc_ptr_iface
                0x008022e2        0x2 src/ASF/common/services/usb/udc/udc.o
 .bss.udc_ptr_conf
                0x008022e4        0x2 src/ASF/common/services/usb/udc/udc.o
 .bss.udc_num_configuration
                0x008022e6        0x1 src/ASF/common/services/usb/udc/udc.o
 .bss.udc_device_status
                0x008022e7        0x2 src/ASF/common/services/usb/udc/udc.o
 .bss.b_shortpacket.5566
                0x008022e9        0x1 src/ASF/xmega/drivers/usb/usb_device.o
 .bss.udd_ep_out_cache_buffer
                0x008022ea       0x80 src/ASF/xmega/drivers/usb/usb_device.o
 .bss.udd_ep_job
                0x0080236a       0x24 src/ASF/xmega/drivers/usb/usb_device.o
 .bss.udd_ctrl_buffer
                0x0080238e        0x8 src/ASF/xmega/drivers/usb/usb_device.o
 .bss.udd_ctrl_payload_nb_trans
                0x00802396        0x2 src/ASF/xmega/drivers/usb/usb_device.o
 .bss.udd_ctrl_prev_payload_nb_trans
                0x00802398        0x2 src/ASF/xmega/drivers/usb/usb_device.o
 .bss.udd_ep_control_state
                0x0080239a        0x1 src/ASF/xmega/drivers/usb/usb_device.o
 *fill*         0x0080239b        0x1 
 .bss.udd_sram  0x0080239c       0x40 src/ASF/xmega/drivers/usb/usb_device.o
 .bss.udd_b_idle
                0x008023dc        0x1 src/ASF/xmega/drivers/usb/usb_device.o
 .bss.main_b_generic_enable
                0x008023dd        0x1 src/main.o
 *(COMMON)
 COMMON         0x008023de      0x800 src/ASF/common/services/usb/class/hid/device/generic/example/atxmega32a4u_stk600-rc044x/ui.o
                0x008023de                sndng_data
                0x008025de                recvd_data
                0x008027de                hid_report
                0x008029de                prv_report
 COMMON         0x00802bde        0x6 src/ASF/common/services/sleepmgr/xmega/sleepmgr.o
                0x00802bde                sleepmgr_locks
 COMMON         0x00802be4       0x10 src/ASF/xmega/drivers/usb/usb_device.o
                0x00802be4                udd_g_ctrlreq
                0x00802bf4                PROVIDE (__bss_end, .)
                0x000023a4                __data_load_start = LOADADDR (.data)
                0x00002474                __data_load_end = (__data_load_start + SIZEOF (.data))

.noinit         0x00802bf4        0x0
                0x00802bf4                PROVIDE (__noinit_start, .)
 *(.noinit*)
                0x00802bf4                PROVIDE (__noinit_end, .)
                0x00802bf4                _end = .
                0x00802bf4                PROVIDE (__heap_start, .)

.eeprom         0x00810000        0x0
 *(.eeprom*)
                0x00810000                __eeprom_end = .

.fuse
 *(.fuse)
 *(.lfuse)
 *(.hfuse)
 *(.efuse)

.lock
 *(.lock*)

.signature
 *(.signature*)

.user_signatures
 *(.user_signatures*)

.stab
 *(.stab)

.stabstr
 *(.stabstr)

.stab.excl
 *(.stab.excl)

.stab.exclstr
 *(.stab.exclstr)

.stab.index
 *(.stab.index)

.stab.indexstr
 *(.stab.indexstr)

.comment        0x00000000       0x30
 *(.comment)
 .comment       0x00000000       0x30 src/ASF/common/services/usb/class/hid/device/generic/example/atxmega32a4u_stk600-rc044x/ui.o
                                 0x31 (size before relaxing)
 .comment       0x00000000       0x31 src/ASF/common/services/clock/xmega/sysclk.o
 .comment       0x00000000       0x31 src/ASF/common/services/ioport/xmega/ioport_compat.o
 .comment       0x00000000       0x31 src/ASF/common/services/sleepmgr/xmega/sleepmgr.o
 .comment       0x00000000       0x31 src/ASF/common/services/usb/class/hid/device/generic/udi_hid_generic.o
 .comment       0x00000000       0x31 src/ASF/common/services/usb/class/hid/device/generic/udi_hid_generic_desc.o
 .comment       0x00000000       0x31 src/ASF/common/services/usb/class/hid/device/udi_hid.o
 .comment       0x00000000       0x31 src/ASF/common/services/usb/udc/udc.o
 .comment       0x00000000       0x31 src/ASF/xmega/boards/stk600/rc044x/init.o
 .comment       0x00000000       0x31 src/ASF/xmega/drivers/nvm/nvm.o
 .comment       0x00000000       0x31 src/ASF/xmega/drivers/usb/usb_device.o
 .comment       0x00000000       0x31 src/main.o

.note.gnu.build-id
 *(.note.gnu.build-id)

.debug
 *(.debug)

.line
 *(.line)

.debug_srcinfo
 *(.debug_srcinfo)

.debug_sfnames
 *(.debug_sfnames)

.debug_aranges  0x00000000      0x488
 *(.debug_aranges)
 .debug_aranges
                0x00000000       0x60 src/ASF/common/services/usb/class/hid/device/generic/example/atxmega32a4u_stk600-rc044x/ui.o
 .debug_aranges
                0x00000060       0x40 src/ASF/common/services/clock/xmega/sysclk.o
 .debug_aranges
                0x000000a0       0x20 src/ASF/common/services/ioport/xmega/ioport_compat.o
 .debug_aranges
                0x000000c0       0x18 src/ASF/common/services/sleepmgr/xmega/sleepmgr.o
 .debug_aranges
                0x000000d8       0x68 src/ASF/common/services/usb/class/hid/device/generic/udi_hid_generic.o
 .debug_aranges
                0x00000140       0x18 src/ASF/common/services/usb/class/hid/device/generic/udi_hid_generic_desc.o
 .debug_aranges
                0x00000158       0x20 src/ASF/common/services/usb/class/hid/device/udi_hid.o
 .debug_aranges
                0x00000178       0x70 src/ASF/common/services/usb/udc/udc.o
 .debug_aranges
                0x000001e8       0x20 src/ASF/xmega/boards/stk600/rc044x/init.o
 .debug_aranges
                0x00000208       0x20 src/ASF/xmega/drivers/cpu/ccp.o
 .debug_aranges
                0x00000228       0xc0 src/ASF/xmega/drivers/nvm/nvm.o
 .debug_aranges
                0x000002e8       0x28 src/ASF/xmega/drivers/nvm/nvm_asm.o
 .debug_aranges
                0x00000310      0x118 src/ASF/xmega/drivers/usb/usb_device.o
 .debug_aranges
                0x00000428       0x60 src/main.o

.debug_pubnames
 *(.debug_pubnames)

.debug_info     0x00000000     0x95be
 *(.debug_info .gnu.linkonce.wi.*)
 .debug_info    0x00000000     0x2307 src/ASF/common/services/usb/class/hid/device/generic/example/atxmega32a4u_stk600-rc044x/ui.o
 .debug_info    0x00002307      0xc46 src/ASF/common/services/clock/xmega/sysclk.o
 .debug_info    0x00002f4d      0x11d src/ASF/common/services/ioport/xmega/ioport_compat.o
 .debug_info    0x0000306a      0x121 src/ASF/common/services/sleepmgr/xmega/sleepmgr.o
 .debug_info    0x0000318b      0x7ef src/ASF/common/services/usb/class/hid/device/generic/udi_hid_generic.o
 .debug_info    0x0000397a      0x61e src/ASF/common/services/usb/class/hid/device/generic/udi_hid_generic_desc.o
 .debug_info    0x00003f98      0x416 src/ASF/common/services/usb/class/hid/device/udi_hid.o
 .debug_info    0x000043ae     0x112d src/ASF/common/services/usb/udc/udc.o
 .debug_info    0x000054db      0x801 src/ASF/xmega/boards/stk600/rc044x/init.o
 .debug_info    0x00005cdc       0x8a src/ASF/xmega/drivers/cpu/ccp.o
 .debug_info    0x00005d66     0x13c6 src/ASF/xmega/drivers/nvm/nvm.o
 .debug_info    0x0000712c       0x8a src/ASF/xmega/drivers/nvm/nvm_asm.o
 .debug_info    0x000071b6     0x1e30 src/ASF/xmega/drivers/usb/usb_device.o
 .debug_info    0x00008fe6      0x5d8 src/main.o

.debug_abbrev   0x00000000     0x1df8
 *(.debug_abbrev)
 .debug_abbrev  0x00000000      0x34d src/ASF/common/services/usb/class/hid/device/generic/example/atxmega32a4u_stk600-rc044x/ui.o
 .debug_abbrev  0x0000034d      0x2cd src/ASF/common/services/clock/xmega/sysclk.o
 .debug_abbrev  0x0000061a       0x93 src/ASF/common/services/ioport/xmega/ioport_compat.o
 .debug_abbrev  0x000006ad       0x80 src/ASF/common/services/sleepmgr/xmega/sleepmgr.o
 .debug_abbrev  0x0000072d      0x351 src/ASF/common/services/usb/class/hid/device/generic/udi_hid_generic.o
 .debug_abbrev  0x00000a7e       0xef src/ASF/common/services/usb/class/hid/device/generic/udi_hid_generic_desc.o
 .debug_abbrev  0x00000b6d      0x180 src/ASF/common/services/usb/class/hid/device/udi_hid.o
 .debug_abbrev  0x00000ced      0x399 src/ASF/common/services/usb/udc/udc.o
 .debug_abbrev  0x00001086      0x160 src/ASF/xmega/boards/stk600/rc044x/init.o
 .debug_abbrev  0x000011e6       0x14 src/ASF/xmega/drivers/cpu/ccp.o
 .debug_abbrev  0x000011fa      0x3de src/ASF/xmega/drivers/nvm/nvm.o
 .debug_abbrev  0x000015d8       0x12 src/ASF/xmega/drivers/nvm/nvm_asm.o
 .debug_abbrev  0x000015ea      0x5c3 src/ASF/xmega/drivers/usb/usb_device.o
 .debug_abbrev  0x00001bad      0x24b src/main.o

.debug_line     0x00000000     0x6efa
 *(.debug_line .debug_line.* .debug_line_end)
 .debug_line    0x00000000      0xd5d src/ASF/common/services/usb/class/hid/device/generic/example/atxmega32a4u_stk600-rc044x/ui.o
 .debug_line    0x00000d5d      0x709 src/ASF/common/services/clock/xmega/sysclk.o
 .debug_line    0x00001466      0x48e src/ASF/common/services/ioport/xmega/ioport_compat.o
 .debug_line    0x000018f4      0x431 src/ASF/common/services/sleepmgr/xmega/sleepmgr.o
 .debug_line    0x00001d25      0xa0f src/ASF/common/services/usb/class/hid/device/generic/udi_hid_generic.o
 .debug_line    0x00002734      0x518 src/ASF/common/services/usb/class/hid/device/generic/udi_hid_generic_desc.o
 .debug_line    0x00002c4c      0x60a src/ASF/common/services/usb/class/hid/device/udi_hid.o
 .debug_line    0x00003256      0xaf4 src/ASF/common/services/usb/udc/udc.o
 .debug_line    0x00003d4a      0x4ad src/ASF/xmega/boards/stk600/rc044x/init.o
 .debug_line    0x000041f7       0x6e src/ASF/xmega/drivers/cpu/ccp.o
 .debug_line    0x00004265      0xb38 src/ASF/xmega/drivers/nvm/nvm.o
 .debug_line    0x00004d9d      0x11f src/ASF/xmega/drivers/nvm/nvm_asm.o
 .debug_line    0x00004ebc     0x1635 src/ASF/xmega/drivers/usb/usb_device.o
 .debug_line    0x000064f1      0xa09 src/main.o

.debug_frame    0x00000000      0xbcc
 *(.debug_frame)
 .debug_frame   0x00000000      0x148 src/ASF/common/services/usb/class/hid/device/generic/example/atxmega32a4u_stk600-rc044x/ui.o
 .debug_frame   0x00000148       0x74 src/ASF/common/services/clock/xmega/sysclk.o
 .debug_frame   0x000001bc       0x30 src/ASF/common/services/ioport/xmega/ioport_compat.o
 .debug_frame   0x000001ec       0xdc src/ASF/common/services/usb/class/hid/device/generic/udi_hid_generic.o
 .debug_frame   0x000002c8       0x30 src/ASF/common/services/usb/class/hid/device/udi_hid.o
 .debug_frame   0x000002f8      0x120 src/ASF/common/services/usb/udc/udc.o
 .debug_frame   0x00000418       0x24 src/ASF/xmega/boards/stk600/rc044x/init.o
 .debug_frame   0x0000043c      0x348 src/ASF/xmega/drivers/nvm/nvm.o
 .debug_frame   0x00000784      0x3a4 src/ASF/xmega/drivers/usb/usb_device.o
 .debug_frame   0x00000b28       0xa4 src/main.o

.debug_str      0x00000000    0x2eb96
 *(.debug_str)
 .debug_str     0x00000000    0x292ab src/ASF/common/services/usb/class/hid/device/generic/example/atxmega32a4u_stk600-rc044x/ui.o
                              0x2999f (size before relaxing)
 .debug_str     0x000292ab      0x7f2 src/ASF/common/services/clock/xmega/sysclk.o
                              0x26813 (size before relaxing)
 .debug_str     0x00029a9d       0x41 src/ASF/common/services/ioport/xmega/ioport_compat.o
                              0x24fa8 (size before relaxing)
 .debug_str     0x00029ade       0x96 src/ASF/common/services/sleepmgr/xmega/sleepmgr.o
                              0x24ddc (size before relaxing)
 .debug_str     0x00029b74      0x412 src/ASF/common/services/usb/class/hid/device/generic/udi_hid_generic.o
                              0x29992 (size before relaxing)
 .debug_str     0x00029f86      0x4ce src/ASF/common/services/usb/class/hid/device/generic/udi_hid_generic_desc.o
                              0x2746f (size before relaxing)
 .debug_str     0x0002a454      0x220 src/ASF/common/services/usb/class/hid/device/udi_hid.o
                              0x27358 (size before relaxing)
 .debug_str     0x0002a674      0x6f0 src/ASF/common/services/usb/udc/udc.o
                              0x27b05 (size before relaxing)
 .debug_str     0x0002ad64       0x4f src/ASF/xmega/boards/stk600/rc044x/init.o
                              0x25b8b (size before relaxing)
 .debug_str     0x0002adb3      0x587 src/ASF/xmega/drivers/nvm/nvm.o
                              0x2550a (size before relaxing)
 .debug_str     0x0002b33a     0x3753 src/ASF/xmega/drivers/usb/usb_device.o
                              0x2d419 (size before relaxing)
 .debug_str     0x0002ea8d      0x109 src/main.o
                              0x296b2 (size before relaxing)

.debug_loc      0x00000000     0x39d4
 *(.debug_loc)
 .debug_loc     0x00000000      0xb56 src/ASF/common/services/usb/class/hid/device/generic/example/atxmega32a4u_stk600-rc044x/ui.o
 .debug_loc     0x00000b56      0x31e src/ASF/common/services/clock/xmega/sysclk.o
 .debug_loc     0x00000e74       0x66 src/ASF/common/services/ioport/xmega/ioport_compat.o
 .debug_loc     0x00000eda      0x16a src/ASF/common/services/usb/class/hid/device/generic/udi_hid_generic.o
 .debug_loc     0x00001044      0x318 src/ASF/common/services/usb/class/hid/device/udi_hid.o
 .debug_loc     0x0000135c      0x505 src/ASF/common/services/usb/udc/udc.o
 .debug_loc     0x00001861     0x1141 src/ASF/xmega/drivers/nvm/nvm.o
 .debug_loc     0x000029a2      0xf26 src/ASF/xmega/drivers/usb/usb_device.o
 .debug_loc     0x000038c8      0x10c src/main.o

.debug_macinfo
 *(.debug_macinfo)

.debug_weaknames
 *(.debug_weaknames)

.debug_funcnames
 *(.debug_funcnames)

.debug_typenames
 *(.debug_typenames)

.debug_varnames
 *(.debug_varnames)

.debug_pubtypes
 *(.debug_pubtypes)

.debug_ranges   0x00000000      0x470
 *(.debug_ranges)
 .debug_ranges  0x00000000       0xc8 src/ASF/common/services/usb/class/hid/device/generic/example/atxmega32a4u_stk600-rc044x/ui.o
 .debug_ranges  0x000000c8       0x30 src/ASF/common/services/clock/xmega/sysclk.o
 .debug_ranges  0x000000f8       0x10 src/ASF/common/services/ioport/xmega/ioport_compat.o
 .debug_ranges  0x00000108       0x58 src/ASF/common/services/usb/class/hid/device/generic/udi_hid_generic.o
 .debug_ranges  0x00000160       0x10 src/ASF/common/services/usb/class/hid/device/udi_hid.o
 .debug_ranges  0x00000170       0x60 src/ASF/common/services/usb/udc/udc.o
 .debug_ranges  0x000001d0       0x10 src/ASF/xmega/boards/stk600/rc044x/init.o
 .debug_ranges  0x000001e0       0xb0 src/ASF/xmega/drivers/nvm/nvm.o
 .debug_ranges  0x00000290       0x20 src/ASF/xmega/drivers/nvm/nvm_asm.o
 .debug_ranges  0x000002b0      0x120 src/ASF/xmega/drivers/usb/usb_device.o
 .debug_ranges  0x000003d0       0xa0 src/main.o

.debug_macro    0x00000000     0xb481
 *(.debug_macro)
 .debug_macro   0x00000000      0x33b src/ASF/common/services/usb/class/hid/device/generic/example/atxmega32a4u_stk600-rc044x/ui.o
 .debug_macro   0x0000033b      0xa60 src/ASF/common/services/usb/class/hid/device/generic/example/atxmega32a4u_stk600-rc044x/ui.o
 .debug_macro   0x00000d9b       0x10 src/ASF/common/services/usb/class/hid/device/generic/example/atxmega32a4u_stk600-rc044x/ui.o
 .debug_macro   0x00000dab      0x1ad src/ASF/common/services/usb/class/hid/device/generic/example/atxmega32a4u_stk600-rc044x/ui.o
 .debug_macro   0x00000f58      0x293 src/ASF/common/services/usb/class/hid/device/generic/example/atxmega32a4u_stk600-rc044x/ui.o
 .debug_macro   0x000011eb       0x9e src/ASF/common/services/usb/class/hid/device/generic/example/atxmega32a4u_stk600-rc044x/ui.o
 .debug_macro   0x00001289     0x5cc1 src/ASF/common/services/usb/class/hid/device/generic/example/atxmega32a4u_stk600-rc044x/ui.o
 .debug_macro   0x00006f4a       0x9a src/ASF/common/services/usb/class/hid/device/generic/example/atxmega32a4u_stk600-rc044x/ui.o
 .debug_macro   0x00006fe4       0xf1 src/ASF/common/services/usb/class/hid/device/generic/example/atxmega32a4u_stk600-rc044x/ui.o
 .debug_macro   0x000070d5       0x34 src/ASF/common/services/usb/class/hid/device/generic/example/atxmega32a4u_stk600-rc044x/ui.o
 .debug_macro   0x00007109       0x10 src/ASF/common/services/usb/class/hid/device/generic/example/atxmega32a4u_stk600-rc044x/ui.o
 .debug_macro   0x00007119       0x18 src/ASF/common/services/usb/class/hid/device/generic/example/atxmega32a4u_stk600-rc044x/ui.o
 .debug_macro   0x00007131       0x5e src/ASF/common/services/usb/class/hid/device/generic/example/atxmega32a4u_stk600-rc044x/ui.o
 .debug_macro   0x0000718f       0x10 src/ASF/common/services/usb/class/hid/device/generic/example/atxmega32a4u_stk600-rc044x/ui.o
 .debug_macro   0x0000719f       0x22 src/ASF/common/services/usb/class/hid/device/generic/example/atxmega32a4u_stk600-rc044x/ui.o
 .debug_macro   0x000071c1      0x166 src/ASF/common/services/usb/class/hid/device/generic/example/atxmega32a4u_stk600-rc044x/ui.o
 .debug_macro   0x00007327       0x1c src/ASF/common/services/usb/class/hid/device/generic/example/atxmega32a4u_stk600-rc044x/ui.o
 .debug_macro   0x00007343       0x35 src/ASF/common/services/usb/class/hid/device/generic/example/atxmega32a4u_stk600-rc044x/ui.o
 .debug_macro   0x00007378       0x66 src/ASF/common/services/usb/class/hid/device/generic/example/atxmega32a4u_stk600-rc044x/ui.o
 .debug_macro   0x000073de      0x373 src/ASF/common/services/usb/class/hid/device/generic/example/atxmega32a4u_stk600-rc044x/ui.o
 .debug_macro   0x00007751       0x97 src/ASF/common/services/usb/class/hid/device/generic/example/atxmega32a4u_stk600-rc044x/ui.o
 .debug_macro   0x000077e8       0x17 src/ASF/common/services/usb/class/hid/device/generic/example/atxmega32a4u_stk600-rc044x/ui.o
 .debug_macro   0x000077ff      0x250 src/ASF/common/services/usb/class/hid/device/generic/example/atxmega32a4u_stk600-rc044x/ui.o
 .debug_macro   0x00007a4f       0x76 src/ASF/common/services/usb/class/hid/device/generic/example/atxmega32a4u_stk600-rc044x/ui.o
 .debug_macro   0x00007ac5       0x16 src/ASF/common/services/usb/class/hid/device/generic/example/atxmega32a4u_stk600-rc044x/ui.o
 .debug_macro   0x00007adb      0x6e0 src/ASF/common/services/usb/class/hid/device/generic/example/atxmega32a4u_stk600-rc044x/ui.o
 .debug_macro   0x000081bb       0x10 src/ASF/common/services/usb/class/hid/device/generic/example/atxmega32a4u_stk600-rc044x/ui.o
 .debug_macro   0x000081cb      0x175 src/ASF/common/services/usb/class/hid/device/generic/example/atxmega32a4u_stk600-rc044x/ui.o
 .debug_macro   0x00008340       0x40 src/ASF/common/services/usb/class/hid/device/generic/example/atxmega32a4u_stk600-rc044x/ui.o
 .debug_macro   0x00008380       0x69 src/ASF/common/services/usb/class/hid/device/generic/example/atxmega32a4u_stk600-rc044x/ui.o
 .debug_macro   0x000083e9       0x32 src/ASF/common/services/usb/class/hid/device/generic/example/atxmega32a4u_stk600-rc044x/ui.o
 .debug_macro   0x0000841b       0xe4 src/ASF/common/services/usb/class/hid/device/generic/example/atxmega32a4u_stk600-rc044x/ui.o
 .debug_macro   0x000084ff       0x34 src/ASF/common/services/usb/class/hid/device/generic/example/atxmega32a4u_stk600-rc044x/ui.o
 .debug_macro   0x00008533       0x82 src/ASF/common/services/usb/class/hid/device/generic/example/atxmega32a4u_stk600-rc044x/ui.o
 .debug_macro   0x000085b5      0x109 src/ASF/common/services/usb/class/hid/device/generic/example/atxmega32a4u_stk600-rc044x/ui.o
 .debug_macro   0x000086be       0x40 src/ASF/common/services/usb/class/hid/device/generic/example/atxmega32a4u_stk600-rc044x/ui.o
 .debug_macro   0x000086fe      0x1f8 src/ASF/common/services/usb/class/hid/device/generic/example/atxmega32a4u_stk600-rc044x/ui.o
 .debug_macro   0x000088f6       0xca src/ASF/common/services/usb/class/hid/device/generic/example/atxmega32a4u_stk600-rc044x/ui.o
 .debug_macro   0x000089c0       0x26 src/ASF/common/services/usb/class/hid/device/generic/example/atxmega32a4u_stk600-rc044x/ui.o
 .debug_macro   0x000089e6       0x1c src/ASF/common/services/usb/class/hid/device/generic/example/atxmega32a4u_stk600-rc044x/ui.o
 .debug_macro   0x00008a02       0x5e src/ASF/common/services/usb/class/hid/device/generic/example/atxmega32a4u_stk600-rc044x/ui.o
 .debug_macro   0x00008a60       0x10 src/ASF/common/services/usb/class/hid/device/generic/example/atxmega32a4u_stk600-rc044x/ui.o
 .debug_macro   0x00008a70       0x2e src/ASF/common/services/usb/class/hid/device/generic/example/atxmega32a4u_stk600-rc044x/ui.o
 .debug_macro   0x00008a9e       0x7b src/ASF/common/services/usb/class/hid/device/generic/example/atxmega32a4u_stk600-rc044x/ui.o
 .debug_macro   0x00008b19       0x2f src/ASF/common/services/usb/class/hid/device/generic/example/atxmega32a4u_stk600-rc044x/ui.o
 .debug_macro   0x00008b48      0x154 src/ASF/common/services/usb/class/hid/device/generic/example/atxmega32a4u_stk600-rc044x/ui.o
 .debug_macro   0x00008c9c       0x8e src/ASF/common/services/usb/class/hid/device/generic/example/atxmega32a4u_stk600-rc044x/ui.o
 .debug_macro   0x00008d2a       0x28 src/ASF/common/services/usb/class/hid/device/generic/example/atxmega32a4u_stk600-rc044x/ui.o
 .debug_macro   0x00008d52      0x241 src/ASF/common/services/usb/class/hid/device/generic/example/atxmega32a4u_stk600-rc044x/ui.o
 .debug_macro   0x00008f93       0xbb src/ASF/common/services/usb/class/hid/device/generic/example/atxmega32a4u_stk600-rc044x/ui.o
 .debug_macro   0x0000904e      0x44f src/ASF/common/services/usb/class/hid/device/generic/example/atxmega32a4u_stk600-rc044x/ui.o
 .debug_macro   0x0000949d       0x16 src/ASF/common/services/usb/class/hid/device/generic/example/atxmega32a4u_stk600-rc044x/ui.o
 .debug_macro   0x000094b3       0x10 src/ASF/common/services/usb/class/hid/device/generic/example/atxmega32a4u_stk600-rc044x/ui.o
 .debug_macro   0x000094c3       0x22 src/ASF/common/services/usb/class/hid/device/generic/example/atxmega32a4u_stk600-rc044x/ui.o
 .debug_macro   0x000094e5       0x16 src/ASF/common/services/usb/class/hid/device/generic/example/atxmega32a4u_stk600-rc044x/ui.o
 .debug_macro   0x000094fb      0x1db src/ASF/common/services/clock/xmega/sysclk.o
 .debug_macro   0x000096d6      0x193 src/ASF/common/services/ioport/xmega/ioport_compat.o
 .debug_macro   0x00009869      0x1a3 src/ASF/common/services/sleepmgr/xmega/sleepmgr.o
 .debug_macro   0x00009a0c      0x34b src/ASF/common/services/usb/class/hid/device/generic/udi_hid_generic.o
 .debug_macro   0x00009d57       0x88 src/ASF/common/services/usb/class/hid/device/generic/udi_hid_generic.o
 .debug_macro   0x00009ddf       0x1c src/ASF/common/services/usb/class/hid/device/generic/udi_hid_generic.o
 .debug_macro   0x00009dfb      0x210 src/ASF/common/services/usb/class/hid/device/generic/udi_hid_generic_desc.o
 .debug_macro   0x0000a00b      0x218 src/ASF/common/services/usb/class/hid/device/udi_hid.o
 .debug_macro   0x0000a223      0x21d src/ASF/common/services/usb/udc/udc.o
 .debug_macro   0x0000a440      0x1ba src/ASF/xmega/boards/stk600/rc044x/init.o
 .debug_macro   0x0000a5fa      0x1f2 src/ASF/xmega/boards/stk600/rc044x/init.o
 .debug_macro   0x0000a7ec      0x198 src/ASF/xmega/drivers/nvm/nvm.o
 .debug_macro   0x0000a984      0x369 src/ASF/xmega/drivers/usb/usb_device.o
 .debug_macro   0x0000aced      0x46d src/ASF/xmega/drivers/usb/usb_device.o
 .debug_macro   0x0000b15a      0x327 src/main.o
OUTPUT(Test1.elf elf32-avr)
LOAD linker stubs

.BOOT           0x00008000        0x0
