------------------------------------------------------------
TimeQuest Timing Analyzer Summary
------------------------------------------------------------

Type  : Slow 1200mV 85C Model Setup 'TCLK'
Slack : -2.719
TNS   : -24.345

Type  : Slow 1200mV 85C Model Setup 'TRST'
Slack : -1.123
TNS   : -9.706

Type  : Slow 1200mV 85C Model Hold 'TCLK'
Slack : -0.175
TNS   : -1.701

Type  : Slow 1200mV 85C Model Hold 'TRST'
Slack : 0.576
TNS   : 0.000

Type  : Slow 1200mV 85C Model Recovery 'TCLK'
Slack : -0.097
TNS   : -0.383

Type  : Slow 1200mV 85C Model Recovery 'TRST'
Slack : 0.150
TNS   : 0.000

Type  : Slow 1200mV 85C Model Removal 'TCLK'
Slack : 0.007
TNS   : 0.000

Type  : Slow 1200mV 85C Model Removal 'TRST'
Slack : 0.112
TNS   : 0.000

Type  : Slow 1200mV 85C Model Minimum Pulse Width 'TCLK'
Slack : -3.000
TNS   : -20.000

Type  : Slow 1200mV 85C Model Minimum Pulse Width 'TRST'
Slack : -3.000
TNS   : -11.000

Type  : Slow 1200mV 0C Model Setup 'TCLK'
Slack : -2.355
TNS   : -20.776

Type  : Slow 1200mV 0C Model Setup 'TRST'
Slack : -0.895
TNS   : -7.263

Type  : Slow 1200mV 0C Model Hold 'TCLK'
Slack : -0.165
TNS   : -1.800

Type  : Slow 1200mV 0C Model Hold 'TRST'
Slack : 0.511
TNS   : 0.000

Type  : Slow 1200mV 0C Model Recovery 'TCLK'
Slack : -0.014
TNS   : -0.028

Type  : Slow 1200mV 0C Model Recovery 'TRST'
Slack : 0.254
TNS   : 0.000

Type  : Slow 1200mV 0C Model Removal 'TCLK'
Slack : -0.006
TNS   : -0.018

Type  : Slow 1200mV 0C Model Removal 'TRST'
Slack : 0.039
TNS   : 0.000

Type  : Slow 1200mV 0C Model Minimum Pulse Width 'TCLK'
Slack : -3.000
TNS   : -20.000

Type  : Slow 1200mV 0C Model Minimum Pulse Width 'TRST'
Slack : -3.000
TNS   : -11.000

Type  : Fast 1200mV 0C Model Setup 'TCLK'
Slack : -1.696
TNS   : -13.774

Type  : Fast 1200mV 0C Model Setup 'TRST'
Slack : -0.194
TNS   : -0.562

Type  : Fast 1200mV 0C Model Hold 'TCLK'
Slack : -0.122
TNS   : -1.203

Type  : Fast 1200mV 0C Model Hold 'TRST'
Slack : 0.250
TNS   : 0.000

Type  : Fast 1200mV 0C Model Recovery 'TCLK'
Slack : -0.226
TNS   : -1.088

Type  : Fast 1200mV 0C Model Recovery 'TRST'
Slack : 0.595
TNS   : 0.000

Type  : Fast 1200mV 0C Model Removal 'TRST'
Slack : -0.162
TNS   : -1.296

Type  : Fast 1200mV 0C Model Removal 'TCLK'
Slack : 0.009
TNS   : 0.000

Type  : Fast 1200mV 0C Model Minimum Pulse Width 'TCLK'
Slack : -3.000
TNS   : -21.898

Type  : Fast 1200mV 0C Model Minimum Pulse Width 'TRST'
Slack : -3.000
TNS   : -11.542

------------------------------------------------------------
